Registered S3 method overwritten by 'pegas':
  method      from
  print.amova ade4
**** Welcome to dartR.spatial [Version 1.2.3 ] ****

Warning messages:
1: package ‘ade4’ was built under R version 4.4.3 
2: package ‘ggplot2’ was built under R version 4.4.3 
3: package ‘dplyr’ was built under R version 4.4.3 
4: package ‘testthat’ was built under R version 4.4.3 
R: R version 4.4.2 (2024-10-31) 
dartR.base 1.2.3 
dartR.data 1.2.5 
raster 3.6.32 
sp 2.2.1 
gdistance 1.6.5 
igraph 2.2.2 
Matrix 1.7.4 
terra 1.9.1 
testthat 3.3.2 
Function arguments:
$landscape


$locs


$method


$NN


$verbose
NULL

Small example raster:
class      : RasterLayer 
dimensions : 250, 250, 62500  (nrow, ncol, ncell)
resolution : 1, 1  (x, y)
extent     : 0, 250, 0, 250  (xmin, xmax, ymin, ymax)
crs        : NA 
source     : memory
names      : layer 
values     : 1, 10  (min, max)

