Registered S3 method overwritten by 'pegas':
  method      from
  print.amova ade4
**** Welcome to dartR.spatial [Version 1.2.3 ] ****

Warning messages:
1: package ‘ade4’ was built under R version 4.4.3 
2: package ‘ggplot2’ was built under R version 4.4.3 
3: package ‘dplyr’ was built under R version 4.4.3 
4: package ‘testthat’ was built under R version 4.4.3 
gl.costdistances: .W..W..W..W..W..W..W..W..W..W..W..W.

══ Warnings ════════════════════════════════════════════════════════════════════
1. cost distances retain their reference-data baseline ('test-gl.costdistances.R:46:9') - Adding new snapshot for variant 'testset.gl-leastcost-genlight':
Code
  print(summary)
Output
  $dataset
  [1] "testset.gl"
  
  $method
  [1] "leastcost"
  
  $input
  [1] "genlight"
  
  $dimensions
  [1]  6 20
  
  $ploidy
  [1] 2
  
  $metric_rows
  [1] 20  6
  
  $result_class
  [1] "simpleError" "error"       "condition"  
  
  $output
  character(0)
  
  $warnings
  [1] "some coordinates not found and omitted"
  [2] "some coordinates not found and omitted"
  
  $messages
  character(0)
  
  $error
  [1] "replacement has length zero"
  

2. cost distances retain their reference-data baseline ('test-gl.costdistances.R:46:9') - Adding new snapshot for variant 'testset.gl-leastcost-matrix':
Code
  print(summary)
Output
  $dataset
  [1] "testset.gl"
  
  $method
  [1] "leastcost"
  
  $input
  [1] "matrix"
  
  $dimensions
  [1]  6 20
  
  $ploidy
  [1] 2
  
  $metric_rows
  [1] 20  6
  
  $result_class
  [1] "matrix" "array" 
  
  $output
  character(0)
  
  $warnings
  character(0)
  
  $messages
  character(0)
  
  $result_dimensions
  [1] 3 3
  
  $result_labels
  $result_labels[[1]]
  [1] "EmmacBrisWive" "EmmacBurdMist" "EmmacBurnBara"
  
  $result_labels[[2]]
  [1] "EmmacBrisWive" "EmmacBurdMist" "EmmacBurnBara"
  
  
  $values
  [1]      0.00 673679.81  95296.78 673679.81      0.00 634151.81  95296.78
  [8] 634151.81      0.00
  

3. cost distances retain their reference-data baseline ('test-gl.costdistances.R:46:9') - Adding new snapshot for variant 'testset.gl-rSPDistance-genlight':
Code
  print(summary)
Output
  $dataset
  [1] "testset.gl"
  
  $method
  [1] "rSPDistance"
  
  $input
  [1] "genlight"
  
  $dimensions
  [1]  6 20
  
  $ploidy
  [1] 2
  
  $metric_rows
  [1] 20  6
  
  $result_class
  [1] "simpleError" "error"       "condition"  
  
  $output
  character(0)
  
  $warnings
  character(0)
  
  $messages
  character(0)
  
  $error
  [1] "'NA' indices are not (yet?) supported for sparse Matrices"
  

4. cost distances retain their reference-data baseline ('test-gl.costdistances.R:46:9') - Adding new snapshot for variant 'testset.gl-rSPDistance-matrix':
Code
  print(summary)
Output
  $dataset
  [1] "testset.gl"
  
  $method
  [1] "rSPDistance"
  
  $input
  [1] "matrix"
  
  $dimensions
  [1]  6 20
  
  $ploidy
  [1] 2
  
  $metric_rows
  [1] 20  6
  
  $result_class
  [1] "matrix" "array" 
  
  $output
  character(0)
  
  $warnings
  character(0)
  
  $messages
  character(0)
  
  $result_dimensions
  [1] 3 3
  
  $result_labels
  $result_labels[[1]]
  [1] "EmmacBrisWive" "EmmacBurdMist" "EmmacBurnBara"
  
  $result_labels[[2]]
  [1] "EmmacBrisWive" "EmmacBurdMist" "EmmacBurnBara"
  
  
  $values
  [1]   0 NaN NaN NaN   0 NaN NaN NaN   0
  

5. cost distances retain their reference-data baseline ('test-gl.costdistances.R:46:9') - Adding new snapshot for variant 'testset.gl-commute-genlight':
Code
  print(summary)
Output
  $dataset
  [1] "testset.gl"
  
  $method
  [1] "commute"
  
  $input
  [1] "genlight"
  
  $dimensions
  [1]  6 20
  
  $ploidy
  [1] 2
  
  $metric_rows
  [1] 20  6
  
  $result_class
  [1] "simpleError" "error"       "condition"  
  
  $output
  character(0)
  
  $warnings
  [1] "some coordinates not found and omitted"
  
  $messages
  character(0)
  
  $error
  [1] "error in evaluating the argument 'x' in selecting a method for function 'as.matrix': subscript out of bounds"
  

6. cost distances retain their reference-data baseline ('test-gl.costdistances.R:46:9') - Adding new snapshot for variant 'testset.gl-commute-matrix':
Code
  print(summary)
Output
  $dataset
  [1] "testset.gl"
  
  $method
  [1] "commute"
  
  $input
  [1] "matrix"
  
  $dimensions
  [1]  6 20
  
  $ploidy
  [1] 2
  
  $metric_rows
  [1] 20  6
  
  $result_class
  [1] "matrix" "array" 
  
  $output
  character(0)
  
  $warnings
  character(0)
  
  $messages
  character(0)
  
  $result_dimensions
  [1] 3 3
  
  $result_labels
  $result_labels[[1]]
  [1] "EmmacBrisWive" "EmmacBurdMist" "EmmacBurnBara"
  
  $result_labels[[2]]
  [1] "EmmacBrisWive" "EmmacBurdMist" "EmmacBurnBara"
  
  
  $values
  [1]   0.0000 285.4674 107.2102 285.4674   0.0000 262.2514 107.2102 262.2514
  [9]   0.0000
  

7. cost distances retain their reference-data baseline ('test-gl.costdistances.R:46:9') - Adding new snapshot for variant 'testset.gs-leastcost-genlight':
Code
  print(summary)
Output
  $dataset
  [1] "testset.gs"
  
  $method
  [1] "leastcost"
  
  $input
  [1] "genlight"
  
  $dimensions
  [1]  6 20
  
  $ploidy
  [1] 1
  
  $metric_rows
  [1] 20  6
  
  $result_class
  [1] "simpleError" "error"       "condition"  
  
  $output
  character(0)
  
  $warnings
  [1] "some coordinates not found and omitted"
  [2] "some coordinates not found and omitted"
  
  $messages
  character(0)
  
  $error
  [1] "replacement has length zero"
  

8. cost distances retain their reference-data baseline ('test-gl.costdistances.R:46:9') - Adding new snapshot for variant 'testset.gs-leastcost-matrix':
Code
  print(summary)
Output
  $dataset
  [1] "testset.gs"
  
  $method
  [1] "leastcost"
  
  $input
  [1] "matrix"
  
  $dimensions
  [1]  6 20
  
  $ploidy
  [1] 1
  
  $metric_rows
  [1] 20  6
  
  $result_class
  [1] "matrix" "array" 
  
  $output
  character(0)
  
  $warnings
  character(0)
  
  $messages
  character(0)
  
  $result_dimensions
  [1] 3 3
  
  $result_labels
  $result_labels[[1]]
  [1] "EmmacBrisWive" "EmmacBurdMist" "EmmacBurnBara"
  
  $result_labels[[2]]
  [1] "EmmacBrisWive" "EmmacBurdMist" "EmmacBurnBara"
  
  
  $values
  [1]      0.00 673679.81  95296.78 673679.81      0.00 634151.81  95296.78
  [8] 634151.81      0.00
  

9. cost distances retain their reference-data baseline ('test-gl.costdistances.R:46:9') - Adding new snapshot for variant 'testset.gs-rSPDistance-genlight':
Code
  print(summary)
Output
  $dataset
  [1] "testset.gs"
  
  $method
  [1] "rSPDistance"
  
  $input
  [1] "genlight"
  
  $dimensions
  [1]  6 20
  
  $ploidy
  [1] 1
  
  $metric_rows
  [1] 20  6
  
  $result_class
  [1] "simpleError" "error"       "condition"  
  
  $output
  character(0)
  
  $warnings
  character(0)
  
  $messages
  character(0)
  
  $error
  [1] "'NA' indices are not (yet?) supported for sparse Matrices"
  

10. cost distances retain their reference-data baseline ('test-gl.costdistances.R:46:9') - Adding new snapshot for variant 'testset.gs-rSPDistance-matrix':
Code
  print(summary)
Output
  $dataset
  [1] "testset.gs"
  
  $method
  [1] "rSPDistance"
  
  $input
  [1] "matrix"
  
  $dimensions
  [1]  6 20
  
  $ploidy
  [1] 1
  
  $metric_rows
  [1] 20  6
  
  $result_class
  [1] "matrix" "array" 
  
  $output
  character(0)
  
  $warnings
  character(0)
  
  $messages
  character(0)
  
  $result_dimensions
  [1] 3 3
  
  $result_labels
  $result_labels[[1]]
  [1] "EmmacBrisWive" "EmmacBurdMist" "EmmacBurnBara"
  
  $result_labels[[2]]
  [1] "EmmacBrisWive" "EmmacBurdMist" "EmmacBurnBara"
  
  
  $values
  [1]   0 NaN NaN NaN   0 NaN NaN NaN   0
  

11. cost distances retain their reference-data baseline ('test-gl.costdistances.R:46:9') - Adding new snapshot for variant 'testset.gs-commute-genlight':
Code
  print(summary)
Output
  $dataset
  [1] "testset.gs"
  
  $method
  [1] "commute"
  
  $input
  [1] "genlight"
  
  $dimensions
  [1]  6 20
  
  $ploidy
  [1] 1
  
  $metric_rows
  [1] 20  6
  
  $result_class
  [1] "simpleError" "error"       "condition"  
  
  $output
  character(0)
  
  $warnings
  [1] "some coordinates not found and omitted"
  
  $messages
  character(0)
  
  $error
  [1] "error in evaluating the argument 'x' in selecting a method for function 'as.matrix': subscript out of bounds"
  

12. cost distances retain their reference-data baseline ('test-gl.costdistances.R:46:9') - Adding new snapshot for variant 'testset.gs-commute-matrix':
Code
  print(summary)
Output
  $dataset
  [1] "testset.gs"
  
  $method
  [1] "commute"
  
  $input
  [1] "matrix"
  
  $dimensions
  [1]  6 20
  
  $ploidy
  [1] 1
  
  $metric_rows
  [1] 20  6
  
  $result_class
  [1] "matrix" "array" 
  
  $output
  character(0)
  
  $warnings
  character(0)
  
  $messages
  character(0)
  
  $result_dimensions
  [1] 3 3
  
  $result_labels
  $result_labels[[1]]
  [1] "EmmacBrisWive" "EmmacBurdMist" "EmmacBurnBara"
  
  $result_labels[[2]]
  [1] "EmmacBrisWive" "EmmacBurdMist" "EmmacBurnBara"
  
  
  $values
  [1]   0.0000 285.4674 107.2102 285.4674   0.0000 262.2514 107.2102 262.2514
  [9]   0.0000
  

══ DONE ════════════════════════════════════════════════════════════════════════
