Loading required package: adegenet
Loading required package: ade4

   /// adegenet 2.1.12 is loaded ////////////

   > overview: '?adegenet'
   > tutorials/doc/questions: 'adegenetWeb()' 
   > bug reports/feature requests: adegenetIssues()


Loading required package: ggplot2
Loading required package: dplyr

Attaching package: ‘dplyr’

The following objects are masked from ‘package:stats’:

    filter, lag

The following objects are masked from ‘package:base’:

    intersect, setdiff, setequal, union

Loading required package: dartR.data
**** Welcome to dartR.data [Version 1.2.5 ] ****

Registered S3 method overwritten by 'pegas':
  method      from
  print.amova ade4
**** Welcome to dartR.base [Version 1.2.3 ] ****


Attaching package: ‘dartR.base’

The following objects are masked from ‘package:adegenet’:

    glMean, glSum

Warning messages:
1: package ‘ade4’ was built under R version 4.4.3 
2: package ‘ggplot2’ was built under R version 4.4.3 
3: package ‘dplyr’ was built under R version 4.4.3 
METHOD FIXTURE: 16 individuals 4 populations
