Registered S3 method overwritten by 'pegas':
  method      from
  print.amova ade4
**** Welcome to dartR.spatial [Version 1.2.3 ] ****

Warning messages:
1: package ‘ade4’ was built under R version 4.4.3 
2: package ‘ggplot2’ was built under R version 4.4.3 
3: package ‘dplyr’ was built under R version 4.4.3 
4: package ‘testthat’ was built under R version 4.4.3 
Using Boost 1_89 (EEMS was tested with version 1_57)
      Eigen 3.4.0 (EEMS was tested with version 3.2.2)

[Habitat::initialize]
  Loaded habitat points from /var/folders/gp/_vh7q5qs5qdckqqpqfx9y4lm0000gn/T//RtmpWwMOgd/eems.outer
  Input habitat: 
    POLYGON((1.66144e+07 -4.50995e+06,1.66144e+07 -4.51047e+06,1.66144e+07 -4.51099e+06,1.66144e+07 -4.51151e+06,1.66143e+07 -4.51203e+06,1.66142e+07 -4.51254e+06,1.66141e+07 -4.51305e+06,1.66139e+07 -4.51355e+06,1.66137e+07 -4.51404e+06,1.66135e+07 -4.51452e+06,1.66133e+07 -4.51499e+06,1.66131e+07 -4.51545e+06,1.66128e+07 -4.51589e+06,1.66125e+07 -4.51632e+06,1.66122e+07 -4.51673e+06,1.66118e+07 -4.51713e+06,1.66115e+07 -4.51751e+06,1.66111e+07 -4.51787e+06,1.66107e+07 -4.51821e+06,1.66103e+07 -4.51852e+06,1.66099e+07 -4.51882e+06,1.66094e+07 -4.51909e+06,1.6609e+07 -4.51934e+06,1.66085e+07 -4.51957e+06,1.6608e+07 -4.51977e+06,1.66075e+07 -4.51994e+06,1.6607e+07 -4.52009e+06,1.66065e+07 -4.52021e+06,1.6606e+07 -4.52031e+06,1.66055e+07 -4.52038e+06,1.6605e+07 -4.52042e+06,1.66044e+07 -4.52043e+06,1.56085e+07 -4.52336e+06,1.56079e+07 -4.52334e+06,1.56074e+07 -4.5233e+06,1.56068e+07 -4.52322e+06,1.56063e+07 -4.52312e+06,1.56057e+07 -4.52298e+06,1.35497e+07 -3.93834e+06,1.35492e+07 -3.93818e+06,1.35487e+07 -3.938e+06,1.35482e+07 -3.93779e+06,1.35477e+07 -3.93756e+06,1.28025e+07 -3.54317e+06,1.2802e+07 -3.54292e+06,1.28016e+07 -3.54264e+06,1.28011e+07 -3.54233e+06,1.28007e+07 -3.54201e+06,1.28003e+07 -3.54166e+06,1.28e+07 -3.5413e+06,1.27996e+07 -3.54091e+06,1.27993e+07 -3.54051e+06,1.2799e+07 -3.54009e+06,1.27987e+07 -3.53965e+06,1.27984e+07 -3.5392e+06,1.27982e+07 -3.53874e+06,1.27979e+07 -3.53827e+06,1.27978e+07 -3.53778e+06,1.27976e+07 -3.53728e+06,1.27974e+07 -3.53678e+06,1.27973e+07 -3.53627e+06,1.27972e+07 -3.53575e+06,1.27972e+07 -3.53523e+06,1.27971e+07 -3.53471e+06,1.27971e+07 -3.53419e+06,1.27972e+07 -3.53367e+06,1.27972e+07 -3.53315e+06,1.27973e+07 -3.53263e+06,1.27974e+07 -3.53212e+06,1.27975e+07 -3.53161e+06,1.27977e+07 -3.53111e+06,1.27979e+07 -3.53062e+06,1.27981e+07 -3.53014e+06,1.27983e+07 -3.52967e+06,1.27986e+07 -3.52921e+06,1.27988e+07 -3.52877e+06,1.27991e+07 -3.52834e+06,1.27995e+07 -3.52793e+06,1.27998e+07 -3.52754e+06,1.28002e+07 -3.52717e+06,1.28006e+07 -3.52681e+06,1.32159e+07 -3.163e+06,1.32163e+07 -3.16268e+06,1.32167e+07 -3.16237e+06,1.32171e+07 -3.16209e+06,1.32175e+07 -3.16183e+06,1.3218e+07 -3.1616e+06,1.32184e+07 -3.16138e+06,1.32189e+07 -3.16119e+06,1.32194e+07 -3.16102e+06,1.32198e+07 -3.16087e+06,1.64928e+07 -2.26522e+06,1.64933e+07 -2.2651e+06,1.64938e+07 -2.265e+06,1.64943e+07 -2.26493e+06,1.64949e+07 -2.26488e+06,1.64954e+07 -2.26487e+06,1.64959e+07 -2.26488e+06,1.64964e+07 -2.26492e+06,1.6497e+07 -2.26499e+06,1.64975e+07 -2.26508e+06,1.6498e+07 -2.2652e+06,1.64985e+07 -2.26535e+06,1.6499e+07 -2.26552e+06,1.64995e+07 -2.26572e+06,1.65e+07 -2.26595e+06,1.65004e+07 -2.2662e+06,1.65009e+07 -2.26647e+06,1.65013e+07 -2.26677e+06,1.65017e+07 -2.26709e+06,1.65021e+07 -2.26743e+06,1.65025e+07 -2.2678e+06,1.65029e+07 -2.26818e+06,1.65032e+07 -2.26858e+06,1.65035e+07 -2.269e+06,1.65038e+07 -2.26943e+06,1.65041e+07 -2.26988e+06,1.65044e+07 -2.27034e+06,1.65046e+07 -2.27082e+06,1.65048e+07 -2.2713e+06,1.6505e+07 -2.2718e+06,1.65051e+07 -2.2723e+06,1.65052e+07 -2.27282e+06,1.65053e+07 -2.27333e+06,1.65054e+07 -2.27386e+06,1.65054e+07 -2.27438e+06,1.66144e+07 -4.50995e+06))
[Habitat::initialize] Done.

[Graph::initialize]
  Generate population grid and sample assignment
  Loaded sample coordinates from /var/folders/gp/_vh7q5qs5qdckqqpqfx9y4lm0000gn/T//RtmpWwMOgd/eems.coord
  There are 5 observed demes (out of 10 demes)
  The population grid has 10 demes and 17 edges
  There are 12 samples assigned to 5 observed demes
[Graph::initialize] Done.

[Diffs::initialize]
[Diffs::initialize] Done.

Initialize EEMS random state

[EEMS::initialize_state]
  EEMS starts with 10 qtiles and 12 mtiles
[EEMS::initialize_state] Done.

Input parameters: 
               datapath = /var/folders/gp/_vh7q5qs5qdckqqpqfx9y4lm0000gn/T//RtmpWwMOgd/eems
               mcmcpath = /var/folders/gp/_vh7q5qs5qdckqqpqfx9y4lm0000gn/T//RtmpWwMOgd/data_eems
               prevpath = 
               gridpath = 
               distance = euclidean
                diploid = 1
                 nIndiv = 12
                 nSites = 200
                 nDemes = 20
                   seed = 17
            numMCMCIter = 40
            numBurnIter = 10
            numThinIter = 2
              negBiSize = 10
              negBiProb = 0.670000
             qVoronoiPr = 0.250000
             mrateShape = 0.000500
             qrateShape = 0.002000
             sigmaShape = 0.001000
             qrateScale = 0.500000
             mrateScale = 2.000000
             sigmaScale = 1.000000
       mSeedsProposalS2 = 0.010000
       qSeedsProposalS2 = 0.100000
       mEffctProposalS2 = 0.100000
       qEffctProposalS2 = 0.001000
      mrateMuProposalS2 = 0.010000

Initial log prior: 58.21
Initial log llike: -38.28

 Ending iteration 13 with acceptance proportions:
	(1/1) = 100.00% for proposal type "qTileRate",		 with proposal variance "qEffctProposalS2"
	(1/1) = 100.00% for proposal type "qTileMove",		 with proposal variance "qSeedsProposalS2"
	(0/3) = 0.00% for proposal type "qBirthDeath"
	(3/3) = 100.00% for proposal type "mTileRate",		 with proposal variance "mEffctProposalS2"
	(1/1) = 100.00% for proposal type "mMeanRate",		 with proposal variance "mrateMuProposalS2"
	(0/0) = nan% for proposal type "mTileMove",		 with proposal variance "mSeedsProposalS2"
	(0/1) = 0.00% for proposal type "mBirthDeath"
	(1/3) = 33.33% for proposal type "degrees of freedom"
 and effective degrees of freedom = 17.31
         number of qVoronoi tiles = 10
         number of mVoronoi tiles = 12
          Log prior = 56.36
          Log llike = -28.27
 Ending iteration 16 with acceptance proportions:
	(1/1) = 100.00% for proposal type "qTileRate",		 with proposal variance "qEffctProposalS2"
	(1/1) = 100.00% for proposal type "qTileMove",		 with proposal variance "qSeedsProposalS2"
	(0/3) = 0.00% for proposal type "qBirthDeath"
	(5/5) = 100.00% for proposal type "mTileRate",		 with proposal variance "mEffctProposalS2"
	(1/1) = 100.00% for proposal type "mMeanRate",		 with proposal variance "mrateMuProposalS2"
	(0/0) = nan% for proposal type "mTileMove",		 with proposal variance "mSeedsProposalS2"
	(0/1) = 0.00% for proposal type "mBirthDeath"
	(2/4) = 50.00% for proposal type "degrees of freedom"
 and effective degrees of freedom = 17.05
         number of qVoronoi tiles = 10
         number of mVoronoi tiles = 12
          Log prior = 57.17
          Log llike = -27.61
 Ending iteration 19 with acceptance proportions:
	(2/2) = 100.00% for proposal type "qTileRate",		 with proposal variance "qEffctProposalS2"
	(1/1) = 100.00% for proposal type "qTileMove",		 with proposal variance "qSeedsProposalS2"
	(0/3) = 0.00% for proposal type "qBirthDeath"
	(5/5) = 100.00% for proposal type "mTileRate",		 with proposal variance "mEffctProposalS2"
	(1/1) = 100.00% for proposal type "mMeanRate",		 with proposal variance "mrateMuProposalS2"
	(0/0) = nan% for proposal type "mTileMove",		 with proposal variance "mSeedsProposalS2"
	(0/2) = 0.00% for proposal type "mBirthDeath"
	(2/5) = 40.00% for proposal type "degrees of freedom"
 and effective degrees of freedom = 17.05
         number of qVoronoi tiles = 10
         number of mVoronoi tiles = 12
          Log prior = 53.83
          Log llike = -29.33
 Ending iteration 22 with acceptance proportions:
	(2/2) = 100.00% for proposal type "qTileRate",		 with proposal variance "qEffctProposalS2"
	(2/2) = 100.00% for proposal type "qTileMove",		 with proposal variance "qSeedsProposalS2"
	(0/3) = 0.00% for proposal type "qBirthDeath"
	(5/5) = 100.00% for proposal type "mTileRate",		 with proposal variance "mEffctProposalS2"
	(1/2) = 50.00% for proposal type "mMeanRate",		 with proposal variance "mrateMuProposalS2"
	(1/1) = 100.00% for proposal type "mTileMove",		 with proposal variance "mSeedsProposalS2"
	(0/2) = 0.00% for proposal type "mBirthDeath"
	(2/5) = 40.00% for proposal type "degrees of freedom"
 and effective degrees of freedom = 17.05
         number of qVoronoi tiles = 10
         number of mVoronoi tiles = 12
          Log prior = 54.54
          Log llike = -27.49
 Ending iteration 25 with acceptance proportions:
	(2/2) = 100.00% for proposal type "qTileRate",		 with proposal variance "qEffctProposalS2"
	(2/2) = 100.00% for proposal type "qTileMove",		 with proposal variance "qSeedsProposalS2"
	(0/3) = 0.00% for proposal type "qBirthDeath"
	(6/6) = 100.00% for proposal type "mTileRate",		 with proposal variance "mEffctProposalS2"
	(1/3) = 33.33% for proposal type "mMeanRate",		 with proposal variance "mrateMuProposalS2"
	(2/2) = 100.00% for proposal type "mTileMove",		 with proposal variance "mSeedsProposalS2"
	(0/2) = 0.00% for proposal type "mBirthDeath"
	(2/5) = 40.00% for proposal type "degrees of freedom"
 and effective degrees of freedom = 17.05
         number of qVoronoi tiles = 10
         number of mVoronoi tiles = 12
          Log prior = 56.87
          Log llike = -29.05
 Ending iteration 28 with acceptance proportions:
	(3/3) = 100.00% for proposal type "qTileRate",		 with proposal variance "qEffctProposalS2"
	(2/2) = 100.00% for proposal type "qTileMove",		 with proposal variance "qSeedsProposalS2"
	(0/3) = 0.00% for proposal type "qBirthDeath"
	(6/6) = 100.00% for proposal type "mTileRate",		 with proposal variance "mEffctProposalS2"
	(1/3) = 33.33% for proposal type "mMeanRate",		 with proposal variance "mrateMuProposalS2"
	(2/2) = 100.00% for proposal type "mTileMove",		 with proposal variance "mSeedsProposalS2"
	(0/3) = 0.00% for proposal type "mBirthDeath"
	(3/6) = 50.00% for proposal type "degrees of freedom"
 and effective degrees of freedom = 14.80
         number of qVoronoi tiles = 10
         number of mVoronoi tiles = 12
          Log prior = 55.87
          Log llike = -28.67
 Ending iteration 31 with acceptance proportions:
	(3/3) = 100.00% for proposal type "qTileRate",		 with proposal variance "qEffctProposalS2"
	(2/2) = 100.00% for proposal type "qTileMove",		 with proposal variance "qSeedsProposalS2"
	(0/3) = 0.00% for proposal type "qBirthDeath"
	(6/6) = 100.00% for proposal type "mTileRate",		 with proposal variance "mEffctProposalS2"
	(1/5) = 20.00% for proposal type "mMeanRate",		 with proposal variance "mrateMuProposalS2"
	(2/2) = 100.00% for proposal type "mTileMove",		 with proposal variance "mSeedsProposalS2"
	(1/4) = 25.00% for proposal type "mBirthDeath"
	(3/6) = 50.00% for proposal type "degrees of freedom"
 and effective degrees of freedom = 14.80
         number of qVoronoi tiles = 10
         number of mVoronoi tiles = 13
          Log prior = 57.58
          Log llike = -28.63
 Ending iteration 34 with acceptance proportions:
	(3/3) = 100.00% for proposal type "qTileRate",		 with proposal variance "qEffctProposalS2"
	(3/3) = 100.00% for proposal type "qTileMove",		 with proposal variance "qSeedsProposalS2"
	(0/3) = 0.00% for proposal type "qBirthDeath"
	(7/7) = 100.00% for proposal type "mTileRate",		 with proposal variance "mEffctProposalS2"
	(1/5) = 20.00% for proposal type "mMeanRate",		 with proposal variance "mrateMuProposalS2"
	(3/3) = 100.00% for proposal type "mTileMove",		 with proposal variance "mSeedsProposalS2"
	(1/4) = 25.00% for proposal type "mBirthDeath"
	(3/6) = 50.00% for proposal type "degrees of freedom"
 and effective degrees of freedom = 14.80
         number of qVoronoi tiles = 10
         number of mVoronoi tiles = 13
          Log prior = 57.20
          Log llike = -28.75
 Ending iteration 37 with acceptance proportions:
	(3/3) = 100.00% for proposal type "qTileRate",		 with proposal variance "qEffctProposalS2"
	(3/3) = 100.00% for proposal type "qTileMove",		 with proposal variance "qSeedsProposalS2"
	(0/3) = 0.00% for proposal type "qBirthDeath"
	(8/8) = 100.00% for proposal type "mTileRate",		 with proposal variance "mEffctProposalS2"
	(1/5) = 20.00% for proposal type "mMeanRate",		 with proposal variance "mrateMuProposalS2"
	(4/4) = 100.00% for proposal type "mTileMove",		 with proposal variance "mSeedsProposalS2"
	(2/5) = 40.00% for proposal type "mBirthDeath"
	(3/6) = 50.00% for proposal type "degrees of freedom"
 and effective degrees of freedom = 14.80
         number of qVoronoi tiles = 10
         number of mVoronoi tiles = 14
          Log prior = 55.90
          Log llike = -30.03
 Ending iteration 40 with acceptance proportions:
	(3/3) = 100.00% for proposal type "qTileRate",		 with proposal variance "qEffctProposalS2"
	(4/4) = 100.00% for proposal type "qTileMove",		 with proposal variance "qSeedsProposalS2"
	(0/3) = 0.00% for proposal type "qBirthDeath"
	(8/8) = 100.00% for proposal type "mTileRate",		 with proposal variance "mEffctProposalS2"
	(1/5) = 20.00% for proposal type "mMeanRate",		 with proposal variance "mrateMuProposalS2"
	(5/5) = 100.00% for proposal type "mTileMove",		 with proposal variance "mSeedsProposalS2"
	(2/6) = 33.33% for proposal type "mBirthDeath"
	(3/6) = 50.00% for proposal type "degrees of freedom"
 and effective degrees of freedom = 14.80
         number of qVoronoi tiles = 10
         number of mVoronoi tiles = 14
          Log prior = 57.56
          Log llike = -30.29
Final log prior: 57.56
Final log llike: -30.29
Joining with `by = join_by(id)`
New names:
• `x` -> `x...1`
• `y` -> `y...2`
• `x` -> `x...3`
• `y` -> `y...4`
Generate effective migration surface (posterior mean of m rates). See plots$mrates01 and plots$mrates02.
Generate effective diversity surface (posterior mean of q rates). See plots$qrates01 and plots$qrates02.
Generate average dissimilarities within and between demes. See plots$rdist01, plots$rdist02 and plots$rdist03.
Generate posterior probability trace. See plots$pilog01.
Starting gl.colors 
Selected color type dis 
Completed: gl.colors 
Coordinate system already present.
ℹ Adding new coordinate system, which will replace the existing one.
Coordinate system already present.
ℹ Adding new coordinate system, which will replace the existing one.
Coordinate system already present.
ℹ Adding new coordinate system, which will replace the existing one.
Coordinate system already present.
ℹ Adding new coordinate system, which will replace the existing one.
$mrates01

$mrates02

$qrates01

$qrates02

$rdist01

$rdist02

$rdist03

$pilogl01


PROBE real_SNP_run : mrates01 | mrates02 | qrates01 | qrates02 | rdist01 | rdist02 | rdist03 | pilogl01 

PROBE input_unchanged : TRUE 

PROBE default_plot_file_NULL_saves_RDS : TRUE 

PROBE raw_output_copied : TRUE 

PROBE distance_max_absolute_error : 1.11022302462516e-15 

PROBE distance_first_six : 0.8557326446 | 0.8637326446 | 0.892231405 | 0.7093690083 | 0.7554599174 | 0.832096281 
Error: Check that numMCMCIter > 10. But numMCMCIter should be >> 10.
Joining with `by = join_by(id)`
New names:
• `x` -> `x...1`
• `y` -> `y...2`
• `x` -> `x...3`
• `y` -> `y...4`
Generate effective migration surface (posterior mean of m rates). See plots$mrates01 and plots$mrates02.
Generate effective diversity surface (posterior mean of q rates). See plots$qrates01 and plots$qrates02.
Generate average dissimilarities within and between demes. See plots$rdist01, plots$rdist02 and plots$rdist03.
Generate posterior probability trace. See plots$pilog01.
Starting gl.colors 
Selected color type dis 
Completed: gl.colors 
Coordinate system already present.
ℹ Adding new coordinate system, which will replace the existing one.
Coordinate system already present.
ℹ Adding new coordinate system, which will replace the existing one.
Coordinate system already present.
ℹ Adding new coordinate system, which will replace the existing one.
Coordinate system already present.
ℹ Adding new coordinate system, which will replace the existing one.
$mrates01

$mrates02

$qrates01

$qrates02

$rdist01

$rdist02

$rdist03

$pilogl01


PROBE failed_process_still_returns : mrates01 | mrates02 | qrates01 | qrates02 | rdist01 | rdist02 | rdist03 | pilogl01 

PROBE failed_process_reuses_unchanged_output : TRUE 
Starting gl.colors 
Selected color type dis 
Completed: gl.colors 

PROBE dots_forwarded :  

PROBE process_failure_reaches_plotter : TRUE 
Starting gl.colors 
Selected color type dis 
Completed: gl.colors 

PROBE space_in_filename_command : ./runeems_snps --params param_review output.ini --seed 17 

PROBE space_in_filename_exit_status : 1 
Starting gl.colors 
Selected color type dis 
Completed: gl.colors 

PROBE SilicoDArT_ploidy : 1 

PROBE SilicoDArT_ini_diploid : diploid = TRUE 

PROBE relative_outdir_caller_files : 0 

PROBE relative_outdir_written_under_tempdir : FALSE 
Starting gl.colors 
Selected color type dis 
Completed: gl.colors 

PROBE cleanup_deletes_unrelated_matching_file : TRUE 

PROBE cleanup_deletes_default_raw_results : TRUE 
Warning messages:
1: In file.copy(eems_results, to = out.dir, overwrite = TRUE, recursive = TRUE) :
  problem copying /var/folders/gp/_vh7q5qs5qdckqqpqfx9y4lm0000gn/T//RtmpWwMOgd/data_review output to /var/folders/gp/_vh7q5qs5qdckqqpqfx9y4lm0000gn/T//RtmpWwMOgd/review-out-1325f3622276b/data_review output: No such file or directory
2: In file.copy(eems_results, to = out.dir, overwrite = TRUE, recursive = TRUE) :
  'recursive' will be ignored as 'to' is not a single existing directory
3: In file.copy(eems_results, to = out.dir, overwrite = TRUE, recursive = TRUE) :
  directories are omitted unless 'recursive = TRUE'
Package sf  needed for this function to work. Please install it.

PROBE missing_sf_result : -1 
Using Boost 1_89 (EEMS was tested with version 1_57)
      Eigen 3.4.0 (EEMS was tested with version 3.2.2)

[Habitat::initialize]
  Loaded habitat points from /var/folders/gp/_vh7q5qs5qdckqqpqfx9y4lm0000gn/T//RtmpWwMOgd/eems.outer
  Input habitat: 
    POLYGON((1.66144e+07 -4.50995e+06,1.66144e+07 -4.51047e+06,1.66144e+07 -4.51099e+06,1.66144e+07 -4.51151e+06,1.66143e+07 -4.51203e+06,1.66142e+07 -4.51254e+06,1.66141e+07 -4.51305e+06,1.66139e+07 -4.51355e+06,1.66137e+07 -4.51404e+06,1.66135e+07 -4.51452e+06,1.66133e+07 -4.51499e+06,1.66131e+07 -4.51545e+06,1.66128e+07 -4.51589e+06,1.66125e+07 -4.51632e+06,1.66122e+07 -4.51673e+06,1.66118e+07 -4.51713e+06,1.66115e+07 -4.51751e+06,1.66111e+07 -4.51787e+06,1.66107e+07 -4.51821e+06,1.66103e+07 -4.51852e+06,1.66099e+07 -4.51882e+06,1.66094e+07 -4.51909e+06,1.6609e+07 -4.51934e+06,1.66085e+07 -4.51957e+06,1.6608e+07 -4.51977e+06,1.66075e+07 -4.51994e+06,1.6607e+07 -4.52009e+06,1.66065e+07 -4.52021e+06,1.6606e+07 -4.52031e+06,1.66055e+07 -4.52038e+06,1.6605e+07 -4.52042e+06,1.66044e+07 -4.52043e+06,1.56085e+07 -4.52336e+06,1.56079e+07 -4.52334e+06,1.56074e+07 -4.5233e+06,1.56068e+07 -4.52322e+06,1.56063e+07 -4.52312e+06,1.56057e+07 -4.52298e+06,1.35497e+07 -3.93834e+06,1.35492e+07 -3.93818e+06,1.35487e+07 -3.938e+06,1.35482e+07 -3.93779e+06,1.35477e+07 -3.93756e+06,1.28025e+07 -3.54317e+06,1.2802e+07 -3.54292e+06,1.28016e+07 -3.54264e+06,1.28011e+07 -3.54233e+06,1.28007e+07 -3.54201e+06,1.28003e+07 -3.54166e+06,1.28e+07 -3.5413e+06,1.27996e+07 -3.54091e+06,1.27993e+07 -3.54051e+06,1.2799e+07 -3.54009e+06,1.27987e+07 -3.53965e+06,1.27984e+07 -3.5392e+06,1.27982e+07 -3.53874e+06,1.27979e+07 -3.53827e+06,1.27978e+07 -3.53778e+06,1.27976e+07 -3.53728e+06,1.27974e+07 -3.53678e+06,1.27973e+07 -3.53627e+06,1.27972e+07 -3.53575e+06,1.27972e+07 -3.53523e+06,1.27971e+07 -3.53471e+06,1.27971e+07 -3.53419e+06,1.27972e+07 -3.53367e+06,1.27972e+07 -3.53315e+06,1.27973e+07 -3.53263e+06,1.27974e+07 -3.53212e+06,1.27975e+07 -3.53161e+06,1.27977e+07 -3.53111e+06,1.27979e+07 -3.53062e+06,1.27981e+07 -3.53014e+06,1.27983e+07 -3.52967e+06,1.27986e+07 -3.52921e+06,1.27988e+07 -3.52877e+06,1.27991e+07 -3.52834e+06,1.27995e+07 -3.52793e+06,1.27998e+07 -3.52754e+06,1.28002e+07 -3.52717e+06,1.28006e+07 -3.52681e+06,1.32159e+07 -3.163e+06,1.32163e+07 -3.16268e+06,1.32167e+07 -3.16237e+06,1.32171e+07 -3.16209e+06,1.32175e+07 -3.16183e+06,1.3218e+07 -3.1616e+06,1.32184e+07 -3.16138e+06,1.32189e+07 -3.16119e+06,1.32194e+07 -3.16102e+06,1.32198e+07 -3.16087e+06,1.64928e+07 -2.26522e+06,1.64933e+07 -2.2651e+06,1.64938e+07 -2.265e+06,1.64943e+07 -2.26493e+06,1.64949e+07 -2.26488e+06,1.64954e+07 -2.26487e+06,1.64959e+07 -2.26488e+06,1.64964e+07 -2.26492e+06,1.6497e+07 -2.26499e+06,1.64975e+07 -2.26508e+06,1.6498e+07 -2.2652e+06,1.64985e+07 -2.26535e+06,1.6499e+07 -2.26552e+06,1.64995e+07 -2.26572e+06,1.65e+07 -2.26595e+06,1.65004e+07 -2.2662e+06,1.65009e+07 -2.26647e+06,1.65013e+07 -2.26677e+06,1.65017e+07 -2.26709e+06,1.65021e+07 -2.26743e+06,1.65025e+07 -2.2678e+06,1.65029e+07 -2.26818e+06,1.65032e+07 -2.26858e+06,1.65035e+07 -2.269e+06,1.65038e+07 -2.26943e+06,1.65041e+07 -2.26988e+06,1.65044e+07 -2.27034e+06,1.65046e+07 -2.27082e+06,1.65048e+07 -2.2713e+06,1.6505e+07 -2.2718e+06,1.65051e+07 -2.2723e+06,1.65052e+07 -2.27282e+06,1.65053e+07 -2.27333e+06,1.65054e+07 -2.27386e+06,1.65054e+07 -2.27438e+06,1.66144e+07 -4.50995e+06))
[Habitat::initialize] Done.

[Graph::initialize]
  Generate population grid and sample assignment
  Loaded sample coordinates from /var/folders/gp/_vh7q5qs5qdckqqpqfx9y4lm0000gn/T//RtmpWwMOgd/eems.coord
  There are 5 observed demes (out of 10 demes)
  The population grid has 10 demes and 17 edges
  There are 12 samples assigned to 5 observed demes
[Graph::initialize] Done.

[Diffs::initialize]
[Diffs::initialize] Done.

Initialize EEMS random state

[EEMS::initialize_state]
  EEMS starts with 10 qtiles and 12 mtiles
[EEMS::initialize_state] Done.

Input parameters: 
               datapath = /var/folders/gp/_vh7q5qs5qdckqqpqfx9y4lm0000gn/T//RtmpWwMOgd/eems
               mcmcpath = /var/folders/gp/_vh7q5qs5qdckqqpqfx9y4lm0000gn/T//RtmpWwMOgd/data_eems
               prevpath = 
               gridpath = 
               distance = euclidean
                diploid = 1
                 nIndiv = 12
                 nSites = 200
                 nDemes = 20
                   seed = 17
            numMCMCIter = 40
            numBurnIter = 10
            numThinIter = 2
              negBiSize = 10
              negBiProb = 0.670000
             qVoronoiPr = 0.250000
             mrateShape = 0.000500
             qrateShape = 0.002000
             sigmaShape = 0.001000
             qrateScale = 0.500000
             mrateScale = 2.000000
             sigmaScale = 1.000000
       mSeedsProposalS2 = 0.010000
       qSeedsProposalS2 = 0.100000
       mEffctProposalS2 = 0.100000
       qEffctProposalS2 = 0.001000
      mrateMuProposalS2 = 0.010000

Initial log prior: 58.21
Initial log llike: -38.28

 Ending iteration 13 with acceptance proportions:
	(1/1) = 100.00% for proposal type "qTileRate",		 with proposal variance "qEffctProposalS2"
	(1/1) = 100.00% for proposal type "qTileMove",		 with proposal variance "qSeedsProposalS2"
	(0/3) = 0.00% for proposal type "qBirthDeath"
	(3/3) = 100.00% for proposal type "mTileRate",		 with proposal variance "mEffctProposalS2"
	(1/1) = 100.00% for proposal type "mMeanRate",		 with proposal variance "mrateMuProposalS2"
	(0/0) = nan% for proposal type "mTileMove",		 with proposal variance "mSeedsProposalS2"
	(0/1) = 0.00% for proposal type "mBirthDeath"
	(1/3) = 33.33% for proposal type "degrees of freedom"
 and effective degrees of freedom = 17.31
         number of qVoronoi tiles = 10
         number of mVoronoi tiles = 12
          Log prior = 56.36
          Log llike = -28.27
 Ending iteration 16 with acceptance proportions:
	(1/1) = 100.00% for proposal type "qTileRate",		 with proposal variance "qEffctProposalS2"
	(1/1) = 100.00% for proposal type "qTileMove",		 with proposal variance "qSeedsProposalS2"
	(0/3) = 0.00% for proposal type "qBirthDeath"
	(5/5) = 100.00% for proposal type "mTileRate",		 with proposal variance "mEffctProposalS2"
	(1/1) = 100.00% for proposal type "mMeanRate",		 with proposal variance "mrateMuProposalS2"
	(0/0) = nan% for proposal type "mTileMove",		 with proposal variance "mSeedsProposalS2"
	(0/1) = 0.00% for proposal type "mBirthDeath"
	(2/4) = 50.00% for proposal type "degrees of freedom"
 and effective degrees of freedom = 17.05
         number of qVoronoi tiles = 10
         number of mVoronoi tiles = 12
          Log prior = 57.17
          Log llike = -27.61
 Ending iteration 19 with acceptance proportions:
	(2/2) = 100.00% for proposal type "qTileRate",		 with proposal variance "qEffctProposalS2"
	(1/1) = 100.00% for proposal type "qTileMove",		 with proposal variance "qSeedsProposalS2"
	(0/3) = 0.00% for proposal type "qBirthDeath"
	(5/5) = 100.00% for proposal type "mTileRate",		 with proposal variance "mEffctProposalS2"
	(1/1) = 100.00% for proposal type "mMeanRate",		 with proposal variance "mrateMuProposalS2"
	(0/0) = nan% for proposal type "mTileMove",		 with proposal variance "mSeedsProposalS2"
	(0/2) = 0.00% for proposal type "mBirthDeath"
	(2/5) = 40.00% for proposal type "degrees of freedom"
 and effective degrees of freedom = 17.05
         number of qVoronoi tiles = 10
         number of mVoronoi tiles = 12
          Log prior = 53.83
          Log llike = -29.33
 Ending iteration 22 with acceptance proportions:
	(2/2) = 100.00% for proposal type "qTileRate",		 with proposal variance "qEffctProposalS2"
	(2/2) = 100.00% for proposal type "qTileMove",		 with proposal variance "qSeedsProposalS2"
	(0/3) = 0.00% for proposal type "qBirthDeath"
	(5/5) = 100.00% for proposal type "mTileRate",		 with proposal variance "mEffctProposalS2"
	(1/2) = 50.00% for proposal type "mMeanRate",		 with proposal variance "mrateMuProposalS2"
	(1/1) = 100.00% for proposal type "mTileMove",		 with proposal variance "mSeedsProposalS2"
	(0/2) = 0.00% for proposal type "mBirthDeath"
	(2/5) = 40.00% for proposal type "degrees of freedom"
 and effective degrees of freedom = 17.05
         number of qVoronoi tiles = 10
         number of mVoronoi tiles = 12
          Log prior = 54.54
          Log llike = -27.49
 Ending iteration 25 with acceptance proportions:
	(2/2) = 100.00% for proposal type "qTileRate",		 with proposal variance "qEffctProposalS2"
	(2/2) = 100.00% for proposal type "qTileMove",		 with proposal variance "qSeedsProposalS2"
	(0/3) = 0.00% for proposal type "qBirthDeath"
	(6/6) = 100.00% for proposal type "mTileRate",		 with proposal variance "mEffctProposalS2"
	(1/3) = 33.33% for proposal type "mMeanRate",		 with proposal variance "mrateMuProposalS2"
	(2/2) = 100.00% for proposal type "mTileMove",		 with proposal variance "mSeedsProposalS2"
	(0/2) = 0.00% for proposal type "mBirthDeath"
	(2/5) = 40.00% for proposal type "degrees of freedom"
 and effective degrees of freedom = 17.05
         number of qVoronoi tiles = 10
         number of mVoronoi tiles = 12
          Log prior = 56.87
          Log llike = -29.05
 Ending iteration 28 with acceptance proportions:
	(3/3) = 100.00% for proposal type "qTileRate",		 with proposal variance "qEffctProposalS2"
	(2/2) = 100.00% for proposal type "qTileMove",		 with proposal variance "qSeedsProposalS2"
	(0/3) = 0.00% for proposal type "qBirthDeath"
	(6/6) = 100.00% for proposal type "mTileRate",		 with proposal variance "mEffctProposalS2"
	(1/3) = 33.33% for proposal type "mMeanRate",		 with proposal variance "mrateMuProposalS2"
	(2/2) = 100.00% for proposal type "mTileMove",		 with proposal variance "mSeedsProposalS2"
	(0/3) = 0.00% for proposal type "mBirthDeath"
	(3/6) = 50.00% for proposal type "degrees of freedom"
 and effective degrees of freedom = 14.80
         number of qVoronoi tiles = 10
         number of mVoronoi tiles = 12
          Log prior = 55.87
          Log llike = -28.67
 Ending iteration 31 with acceptance proportions:
	(3/3) = 100.00% for proposal type "qTileRate",		 with proposal variance "qEffctProposalS2"
	(2/2) = 100.00% for proposal type "qTileMove",		 with proposal variance "qSeedsProposalS2"
	(0/3) = 0.00% for proposal type "qBirthDeath"
	(6/6) = 100.00% for proposal type "mTileRate",		 with proposal variance "mEffctProposalS2"
	(1/5) = 20.00% for proposal type "mMeanRate",		 with proposal variance "mrateMuProposalS2"
	(2/2) = 100.00% for proposal type "mTileMove",		 with proposal variance "mSeedsProposalS2"
	(1/4) = 25.00% for proposal type "mBirthDeath"
	(3/6) = 50.00% for proposal type "degrees of freedom"
 and effective degrees of freedom = 14.80
         number of qVoronoi tiles = 10
         number of mVoronoi tiles = 13
          Log prior = 57.58
          Log llike = -28.63
 Ending iteration 34 with acceptance proportions:
	(3/3) = 100.00% for proposal type "qTileRate",		 with proposal variance "qEffctProposalS2"
	(3/3) = 100.00% for proposal type "qTileMove",		 with proposal variance "qSeedsProposalS2"
	(0/3) = 0.00% for proposal type "qBirthDeath"
	(7/7) = 100.00% for proposal type "mTileRate",		 with proposal variance "mEffctProposalS2"
	(1/5) = 20.00% for proposal type "mMeanRate",		 with proposal variance "mrateMuProposalS2"
	(3/3) = 100.00% for proposal type "mTileMove",		 with proposal variance "mSeedsProposalS2"
	(1/4) = 25.00% for proposal type "mBirthDeath"
	(3/6) = 50.00% for proposal type "degrees of freedom"
 and effective degrees of freedom = 14.80
         number of qVoronoi tiles = 10
         number of mVoronoi tiles = 13
          Log prior = 57.20
          Log llike = -28.75
 Ending iteration 37 with acceptance proportions:
	(3/3) = 100.00% for proposal type "qTileRate",		 with proposal variance "qEffctProposalS2"
	(3/3) = 100.00% for proposal type "qTileMove",		 with proposal variance "qSeedsProposalS2"
	(0/3) = 0.00% for proposal type "qBirthDeath"
	(8/8) = 100.00% for proposal type "mTileRate",		 with proposal variance "mEffctProposalS2"
	(1/5) = 20.00% for proposal type "mMeanRate",		 with proposal variance "mrateMuProposalS2"
	(4/4) = 100.00% for proposal type "mTileMove",		 with proposal variance "mSeedsProposalS2"
	(2/5) = 40.00% for proposal type "mBirthDeath"
	(3/6) = 50.00% for proposal type "degrees of freedom"
 and effective degrees of freedom = 14.80
         number of qVoronoi tiles = 10
         number of mVoronoi tiles = 14
          Log prior = 55.90
          Log llike = -30.03
 Ending iteration 40 with acceptance proportions:
	(3/3) = 100.00% for proposal type "qTileRate",		 with proposal variance "qEffctProposalS2"
	(4/4) = 100.00% for proposal type "qTileMove",		 with proposal variance "qSeedsProposalS2"
	(0/3) = 0.00% for proposal type "qBirthDeath"
	(8/8) = 100.00% for proposal type "mTileRate",		 with proposal variance "mEffctProposalS2"
	(1/5) = 20.00% for proposal type "mMeanRate",		 with proposal variance "mrateMuProposalS2"
	(5/5) = 100.00% for proposal type "mTileMove",		 with proposal variance "mSeedsProposalS2"
	(2/6) = 33.33% for proposal type "mBirthDeath"
	(3/6) = 50.00% for proposal type "degrees of freedom"
 and effective degrees of freedom = 14.80
         number of qVoronoi tiles = 10
         number of mVoronoi tiles = 14
          Log prior = 57.56
          Log llike = -30.29
Final log prior: 57.56
Final log llike: -30.29
Joining with `by = join_by(id)`
New names:
• `x` -> `x...1`
• `y` -> `y...2`
• `x` -> `x...3`
• `y` -> `y...4`
Generate effective migration surface (posterior mean of m rates). See plots$mrates01 and plots$mrates02.
Generate effective diversity surface (posterior mean of q rates). See plots$qrates01 and plots$qrates02.
Generate average dissimilarities within and between demes. See plots$rdist01, plots$rdist02 and plots$rdist03.
Generate posterior probability trace. See plots$pilog01.
Starting gl.colors 
Selected color type dis 
Completed: gl.colors 
Coordinate system already present.
ℹ Adding new coordinate system, which will replace the existing one.
Coordinate system already present.
ℹ Adding new coordinate system, which will replace the existing one.
Coordinate system already present.
ℹ Adding new coordinate system, which will replace the existing one.
Coordinate system already present.
ℹ Adding new coordinate system, which will replace the existing one.
$mrates01

$mrates02

$qrates01

$qrates02

$rdist01

$rdist02

$rdist03

$pilogl01


PROBE missing_coordinates_error : mrates01 | mrates02 | qrates01 | qrates02 | rdist01 | rdist02 | rdist03 | pilogl01 

PROBE identical_coordinates_error : IllegalArgumentException: Invalid number of points in LinearRing found 2 - must be 0 or >= 3 
null device 
          1 
