Registered S3 method overwritten by 'pegas':
  method      from
  print.amova ade4
**** Welcome to dartR.spatial [Version 1.2.6 ] ****

Warning messages:
1: package ‘ade4’ was built under R version 4.4.3 
2: package ‘ggplot2’ was built under R version 4.4.3 
3: package ‘dplyr’ was built under R version 4.4.3 
4: package ‘testthat’ was built under R version 4.4.3 
Starting gl.propShared 
  Processing genlight object with SNP data
Completed: gl.propShared 
Set of permutations < 'minperm'. Generating entire set.
Starting gl.propShared 
  Processing genlight object with SNP data
  Warning: data include loci that are scored NA across all individuals.
  Consider filtering using gl <- gl.filter.allna(gl)
Completed: gl.propShared 
Starting gl.propShared 
  Processing genlight object with SNP data
  Warning: data include loci that are scored NA across all individuals.
  Consider filtering using gl <- gl.filter.allna(gl)
Completed: gl.propShared 
Starting gl.propShared 
  Processing genlight object with SNP data
  Warning: data include loci that are scored NA across all individuals.
  Consider filtering using gl <- gl.filter.allna(gl)
Completed: gl.propShared 
Starting gl.propShared 
  Processing genlight object with SNP data
  Warning: data include individuals that are scored NA across all loci.
  Consider filtering using gl <- gl.filter.allna(gl)
Completed: gl.propShared 
Starting gl.propShared 
  Processing genlight object with SNP data
  Warning: data include loci that are scored NA across all individuals.
  Consider filtering using gl <- gl.filter.allna(gl)
Completed: gl.propShared 
Starting gl.propShared 
  Processing genlight object with SNP data
  Warning: data include loci that are scored NA across all individuals.
  Consider filtering using gl <- gl.filter.allna(gl)
Completed: gl.propShared 
Starting gl.propShared 
  Processing genlight object with SNP data
  Warning: data include loci that are scored NA across all individuals.
  Consider filtering using gl <- gl.filter.allna(gl)
Completed: gl.propShared 
Starting gl.propShared 
  Processing genlight object with SNP data
  Warning: data include loci that are scored NA across all individuals.
  Consider filtering using gl <- gl.filter.allna(gl)
Completed: gl.propShared 
Starting gl.propShared 
  Processing genlight object with SNP data
Completed: gl.propShared 
[ FAIL 0 | WARN 0 | SKIP 0 | PASS 502 ]
