══ Building ════════════════════════════════════════════════════════════════════
Setting env vars:
• CFLAGS    : -Wall -pedantic
• CXXFLAGS  : -Wall -pedantic
• CXX11FLAGS: -Wall -pedantic
• CXX14FLAGS: -Wall -pedantic
• CXX17FLAGS: -Wall -pedantic
• CXX20FLAGS: -Wall -pedantic
── R CMD build ─────────────────────────────────────────────────────────────────
* checking for file ‘/Users/mijangos/dartR.spatial/DESCRIPTION’ ... OK
* preparing ‘dartR.spatial’:
* checking DESCRIPTION meta-information ... OK
* checking for LF line-endings in source and make files and shell scripts
* checking for empty or unneeded directories
Removed empty directory ‘dartR.spatial/data’
* building ‘dartR.spatial_1.2.6.tar.gz’

══ Checking ════════════════════════════════════════════════════════════════════
Setting env vars:
• _R_CHECK_CRAN_INCOMING_REMOTE_               : FALSE
• _R_CHECK_CRAN_INCOMING_                      : FALSE
• _R_CHECK_FORCE_SUGGESTS_                     : FALSE
• _R_CHECK_PACKAGES_USED_IGNORE_UNUSED_IMPORTS_: FALSE
• NOT_CRAN                                     : true
── R CMD check ─────────────────────────────────────────────────────────────────
* using log directory ‘/private/var/folders/gp/_vh7q5qs5qdckqqpqfx9y4lm0000gn/T/Rtmp7473iS/filee8f6677a1bc2/dartR.spatial.Rcheck’
* using R version 4.4.2 (2024-10-31)
* using platform: aarch64-apple-darwin20
* R was compiled by
    Apple clang version 14.0.0 (clang-1400.0.29.202)
    GNU Fortran (GCC) 12.2.0
* running under: macOS 26.7
* using session charset: UTF-8
* using options ‘--no-manual --as-cran’
* checking for file ‘dartR.spatial/DESCRIPTION’ ... OK
* checking extension type ... Package
* this is package ‘dartR.spatial’ version ‘1.2.6’
* package encoding: UTF-8
* checking package namespace information ... OK
* checking package dependencies ... OK
* checking if this is a source package ... OK
* checking if there is a namespace ... OK
* checking for executable files ... OK
* checking for hidden files and directories ... OK
* checking for portable file names ... OK
* checking for sufficient/correct file permissions ... OK
* checking whether package ‘dartR.spatial’ can be installed ... [12s/12s] WARNING
Found the following significant warnings:
  Warning: package ‘ade4’ was built under R version 4.4.3
  Warning: package ‘ggplot2’ was built under R version 4.4.3
  Warning: package ‘dplyr’ was built under R version 4.4.3
See ‘/private/var/folders/gp/_vh7q5qs5qdckqqpqfx9y4lm0000gn/T/Rtmp7473iS/filee8f6677a1bc2/dartR.spatial.Rcheck/00install.out’ for details.
* checking installed package size ... OK
* checking package directory ... OK
* checking for future file timestamps ... NOTE
unable to verify current time
* checking DESCRIPTION meta-information ... OK
* checking top-level files ... OK
* checking for left-over files ... OK
* checking index information ... OK
* checking package subdirectories ... OK
* checking code files for non-ASCII characters ... OK
* checking R files for syntax errors ... OK
* checking whether the package can be loaded ... OK
* checking whether the package can be loaded with stated dependencies ... OK
* checking whether the package can be unloaded cleanly ... OK
* checking whether the namespace can be loaded with stated dependencies ... OK
* checking whether the namespace can be unloaded cleanly ... OK
* checking whether startup messages can be suppressed ... OK
* checking dependencies in R code ... OK
* checking S3 generic/method consistency ... OK
* checking replacement functions ... OK
* checking foreign function calls ... OK
* checking R code for possible problems ... [15s/16s] OK
* checking Rd files ... OK
* checking Rd metadata ... OK
* checking Rd line widths ... OK
* checking Rd cross-references ... OK
* checking for missing documentation entries ... OK
* checking for code/documentation mismatches ... OK
* checking Rd \usage sections ... OK
* checking Rd contents ... OK
* checking for unstated dependencies in examples ... OK
* checking examples ... [11s/12s] OK
* checking examples with --run-donttest ... [13s/14s] OK
* checking for unstated dependencies in ‘tests’ ... OK
* checking tests ...
  Running ‘testthat.R’ [28s/29s]
 [28s/29s] OK
* checking for non-standard things in the check directory ... OK
* checking for detritus in the temp directory ... OK
* DONE
Status: 1 WARNING, 1 NOTE
See
  ‘/private/var/folders/gp/_vh7q5qs5qdckqqpqfx9y4lm0000gn/T/Rtmp7473iS/filee8f6677a1bc2/dartR.spatial.Rcheck/00check.log’
for details.
── R CMD check results ──────────────────────────────── dartR.spatial 1.2.6 ────
Duration: 2m 38.4s

❯ checking whether package ‘dartR.spatial’ can be installed ... [12s/12s] WARNING
  See below...

❯ checking for future file timestamps ... NOTE
  unable to verify current time

0 errors ✔ | 1 warning ✖ | 1 note ✖
